// Jest Snapshot v1, https://goo.gl/fbAQLP

exports[`latest blocks should render correctly with transactions 1`] = `
<div
  className="Widget"
>
  <div
    className="Widget-Header"
  >
    <img
      alt="widget symbol"
      className="Widget-Symbol"
      src="https://www.blockchain.com/explorer/_next/static/media/btc.a6006067.png"
    />
    <div
      className="Widget-Info"
    >
      <a
        className="Link"
        data-testid="title-link"
        href="https://www.blockchain.com/btc/unconfirmed-transactions"
      >
        <h1
          className="Widget-Title"
        >
          Latest Blocks
        </h1>
      </a>
      <h2
        className="Widget-SubTitle"
      >
        Bitcoin
      </h2>
    </div>
    <div
      className="Spacer"
    />
    <a
      className="Link"
      data-testid="arrow-link"
      href="https://www.blockchain.com/btc/unconfirmed-transactions"
    >
      <span
        className="Widget-Arrow"
      >
        →
      </span>
    </a>
  </div>
  <div
    className="Block-Container"
  >
    <div
      className="BlockCard"
      data-testid="block-card"
    >
      <div
        className="Block-Indicator"
      >
        <div
          className="Indicator"
        >
          <div
            className="Payload"
            data-testid="occupancy-payload"
            style={
              Object {
                "height": "71%",
              }
            }
          >
            <div
              className="Payload-Fill"
            />
          </div>
        </div>
      </div>
      <div
        className="Block-Description"
      >
        <div
          className="Description-Item"
        >
          <span
            className="Block-Title"
          >
            75260722
          </span>
        </div>
        <div
          className="Description-Item"
        >
          <span
            className="Block-Time"
          >
            9/20/2022, 20:33:19
          </span>
        </div>
        <div
          className="Description-Item"
        >
          <span
            className="Block-Size"
          >
            723tx
              • 
            NaNmb
          </span>
        </div>
      </div>
    </div>
  </div>
  <div
    className="Block-Container"
  >
    <div
      className="BlockCard"
      data-testid="block-card"
    >
      <div
        className="Block-Indicator"
      >
        <div
          className="Indicator"
        >
          <div
            className="Payload"
            data-testid="occupancy-payload"
            style={
              Object {
                "height": "71%",
              }
            }
          >
            <div
              className="Payload-Fill"
            />
          </div>
        </div>
      </div>
      <div
        className="Block-Description"
      >
        <div
          className="Description-Item"
        >
          <span
            className="Block-Title"
          >
            75260722
          </span>
        </div>
        <div
          className="Description-Item"
        >
          <span
            className="Block-Time"
          >
            9/20/2022, 20:33:19
          </span>
        </div>
        <div
          className="Description-Item"
        >
          <span
            className="Block-Size"
          >
            723tx
              • 
            NaNmb
          </span>
        </div>
      </div>
    </div>
  </div>
  <div
    className="Block-Container"
  >
    <div
      className="BlockCard"
      data-testid="block-card"
    >
      <div
        className="Block-Indicator"
      >
        <div
          className="Indicator"
        >
          <div
            className="Payload"
            data-testid="occupancy-payload"
            style={
              Object {
                "height": "71%",
              }
            }
          >
            <div
              className="Payload-Fill"
            />
          </div>
        </div>
      </div>
      <div
        className="Block-Description"
      >
        <div
          className="Description-Item"
        >
          <span
            className="Block-Title"
          >
            75260722
          </span>
        </div>
        <div
          className="Description-Item"
        >
          <span
            className="Block-Time"
          >
            9/20/2022, 20:33:19
          </span>
        </div>
        <div
          className="Description-Item"
        >
          <span
            className="Block-Size"
          >
            723tx
              • 
            NaNmb
          </span>
        </div>
      </div>
    </div>
  </div>
  <div
    className="Block-Container"
  >
    <div
      className="BlockCard"
      data-testid="block-card"
    >
      <div
        className="Block-Indicator"
      >
        <div
          className="Indicator"
        >
          <div
            className="Payload"
            data-testid="occupancy-payload"
            style={
              Object {
                "height": "71%",
              }
            }
          >
            <div
              className="Payload-Fill"
            />
          </div>
        </div>
      </div>
      <div
        className="Block-Description"
      >
        <div
          className="Description-Item"
        >
          <span
            className="Block-Title"
          >
            75260722
          </span>
        </div>
        <div
          className="Description-Item"
        >
          <span
            className="Block-Time"
          >
            9/20/2022, 20:33:19
          </span>
        </div>
        <div
          className="Description-Item"
        >
          <span
            className="Block-Size"
          >
            723tx
              • 
            NaNmb
          </span>
        </div>
      </div>
    </div>
  </div>
  <div
    className="Block-Container"
  >
    <div
      className="BlockCard"
      data-testid="block-card"
    >
      <div
        className="Block-Indicator"
      >
        <div
          className="Indicator"
        >
          <div
            className="Payload"
            data-testid="occupancy-payload"
            style={
              Object {
                "height": "71%",
              }
            }
          >
            <div
              className="Payload-Fill"
            />
          </div>
        </div>
      </div>
      <div
        className="Block-Description"
      >
        <div
          className="Description-Item"
        >
          <span
            className="Block-Title"
          >
            75260722
          </span>
        </div>
        <div
          className="Description-Item"
        >
          <span
            className="Block-Time"
          >
            9/20/2022, 20:33:19
          </span>
        </div>
        <div
          className="Description-Item"
        >
          <span
            className="Block-Size"
          >
            723tx
              • 
            NaNmb
          </span>
        </div>
      </div>
    </div>
  </div>
</div>
`;
